// Jest Snapshot v1, https://goo.gl/fbAQLP

exports[`<LayoutHoldings /> should match snapshot 1`] = `
Object {
  "asFragment": [Function],
  "baseElement": <body>
    <div>
      <div>
        <div>
          ToDo: Add Filters
        </div>
        <div
          class="stats-container"
        >
          <table>
            <tbody
              class="table-container is-large"
            >
              <tr>
                <th>
                  SUMMARY
                </th>
                <th
                  align="right"
                >
                  dividends
                </th>
                <th
                  align="right"
                >
                  gain.realised
                </th>
                <th
                  align="right"
                >
                  gain.unrealised
                </th>
                <th
                  align="right"
                >
                  gain
                </th>
              </tr>
            </tbody>
          </table>
        </div>
        <div
          class="holdings-container"
        >
          <table
            class="table holding-table is-striped is-hoverable"
          >
            <tbody
              class="table-header"
            >
              <tr>
                <th>
                  USD
                </th>
                <th
                  align="right"
                >
                  quantity
                </th>
                <th
                  align="right"
                >
                  price
                </th>
                <th
                  align="right"
                >
                  cost.avg
                </th>
                <th
                  align="right"
                >
                  cost
                </th>
                <th
                  align="right"
                >
                  value
                </th>
                <th
                  align="right"
                >
                  dividends
                </th>
                <th
                  align="right"
                >
                  gain.realised
                </th>
                <th
                  align="right"
                >
                  gain.unrealised
                </th>
                <th
                  align="right"
                >
                  gain
                </th>
              </tr>
            </tbody>
            <tbody>
              <tr
                class="holding-row"
              >
                <td
                  class="asset"
                >
                  AYX: Alteryx Inc - Ordinary Shares - Class A
                </td>
                <td>
                  <span>
                    19
                  </span>
                </td>
                <td>
                  <label>
                    USD
                     
                    <span>
                      95.40
                    </span>
                  </label>
                </td>
                <td>
                  <span>
                    125.40
                  </span>
                </td>
                <td>
                  <span>
                    2,382.54
                  </span>
                </td>
                <td>
                  <span>
                    1,812.60
                  </span>
                </td>
                <td>
                  <span>
                    0.00
                  </span>
                </td>
                <td>
                  <span>
                    0.00
                  </span>
                </td>
                <td>
                  <span>
                    -569.94
                  </span>
                </td>
                <td>
                  <span>
                    -569.94
                  </span>
                </td>
              </tr>
              <tr
                class="holding-row"
              >
                <td
                  class="asset"
                >
                  NDAQ: Nasdaq Inc - Ordinary Shares - 144A
                </td>
                <td>
                  <span>
                    25
                  </span>
                </td>
                <td>
                  <label>
                    USD
                     
                    <span>
                      98.62
                    </span>
                  </label>
                </td>
                <td>
                  <span>
                    33.54
                  </span>
                </td>
                <td>
                  <span>
                    838.48
                  </span>
                </td>
                <td>
                  <span>
                    2,465.50
                  </span>
                </td>
                <td>
                  <span>
                    270.75
                  </span>
                </td>
                <td>
                  <span>
                    1,141.03
                  </span>
                </td>
                <td>
                  <span>
                    1,627.02
                  </span>
                </td>
                <td>
                  <span>
                    3,038.80
                  </span>
                </td>
              </tr>
              <tr
                class="holding-row"
              >
                <td
                  class="asset"
                >
                  CSCO: Cisco Systems, Inc.
                </td>
                <td>
                  <span>
                    55
                  </span>
                </td>
                <td>
                  <label>
                    USD
                     
                    <span>
                      46.71
                    </span>
                  </label>
                </td>
                <td>
                  <span>
                    27.18
                  </span>
                </td>
                <td>
                  <span>
                    1,494.65
                  </span>
                </td>
                <td>
                  <span>
                    2,569.05
                  </span>
                </td>
                <td>
                  <span>
                    302.90
                  </span>
                </td>
                <td>
                  <span>
                    236.37
                  </span>
                </td>
                <td>
                  <span>
                    1,074.40
                  </span>
                </td>
                <td>
                  <span>
                    1,613.67
                  </span>
                </td>
              </tr>
              <tr
                class="holding-row"
              >
                <td
                  class="asset"
                >
                  DLR: Digital Realty Trust Inc
                </td>
                <td>
                  <span>
                    15
                  </span>
                </td>
                <td>
                  <label>
                    USD
                     
                    <span>
                      132.98
                    </span>
                  </label>
                </td>
                <td>
                  <span>
                    104.50
                  </span>
                </td>
                <td>
                  <span>
                    1,567.43
                  </span>
                </td>
                <td>
                  <span>
                    1,994.70
                  </span>
                </td>
                <td>
                  <span>
                    77.85
                  </span>
                </td>
                <td>
                  <span>
                    0.00
                  </span>
                </td>
                <td>
                  <span>
                    427.27
                  </span>
                </td>
                <td>
                  <span>
                    505.12
                  </span>
                </td>
              </tr>
              <tr
                class="holding-row"
              >
                <td
                  class="asset"
                >
                  AAPL: Apple Inc
                </td>
                <td>
                  <span>
                    12
                  </span>
                </td>
                <td>
                  <label>
                    USD
                     
                    <span>
                      236.41
                    </span>
                  </label>
                </td>
                <td>
                  <span>
                    166.26
                  </span>
                </td>
                <td>
                  <span>
                    1,995.06
                  </span>
                </td>
                <td>
                  <span>
                    2,836.92
                  </span>
                </td>
                <td>
                  <span>
                    162.36
                  </span>
                </td>
                <td>
                  <span>
                    607.18
                  </span>
                </td>
                <td>
                  <span>
                    841.86
                  </span>
                </td>
                <td>
                  <span>
                    1,611.40
                  </span>
                </td>
              </tr>
              <tr
                class="holding-row"
              >
                <td
                  class="asset"
                >
                  SLB: Schlumberger NV
                </td>
                <td>
                  <span>
                    45
                  </span>
                </td>
                <td>
                  <label>
                    USD
                     
                    <span>
                      32.31
                    </span>
                  </label>
                </td>
                <td>
                  <span>
                    44.11
                  </span>
                </td>
                <td>
                  <span>
                    1,985.14
                  </span>
                </td>
                <td>
                  <span>
                    1,453.95
                  </span>
                </td>
                <td>
                  <span>
                    45.00
                  </span>
                </td>
                <td>
                  <span>
                    0.00
                  </span>
                </td>
                <td>
                  <span>
                    -531.19
                  </span>
                </td>
                <td>
                  <span>
                    -486.19
                  </span>
                </td>
              </tr>
            </tbody>
            <tbody>
              <tr
                class="holding-footer"
              >
                <td
                  align="right"
                  colspan="4"
                >
                  Sub-Total - 
                  USD
                </td>
                <td
                  align="right"
                >
                  <span>
                    10,263.30
                  </span>
                </td>
                <td
                  align="right"
                >
                  <span>
                    13,132.72
                  </span>
                </td>
                <td
                  align="right"
                >
                  <span>
                    858.86
                  </span>
                </td>
                <td
                  align="right"
                >
                  <span>
                    1,984.58
                  </span>
                </td>
                <td
                  align="right"
                >
                  <span>
                    2,869.42
                  </span>
                </td>
                <td
                  align="right"
                >
                  <span>
                    5,712.86
                  </span>
                </td>
              </tr>
            </tbody>
            <tbody
              class="table-header"
            >
              <tr>
                <th>
                  AUD
                </th>
                <th
                  align="right"
                >
                  quantity
                </th>
                <th
                  align="right"
                >
                  price
                </th>
                <th
                  align="right"
                >
                  cost.avg
                </th>
                <th
                  align="right"
                >
                  cost
                </th>
                <th
                  align="right"
                >
                  value
                </th>
                <th
                  align="right"
                >
                  dividends
                </th>
                <th
                  align="right"
                >
                  gain.realised
                </th>
                <th
                  align="right"
                >
                  gain.unrealised
                </th>
                <th
                  align="right"
                >
                  gain
                </th>
              </tr>
            </tbody>
            <tbody>
              <tr
                class="holding-row"
              >
                <td
                  class="asset"
                >
                  AMP: Amp Limited
                </td>
                <td>
                  <span>
                    637
                  </span>
                </td>
                <td>
                  <label>
                    USD
                     
                    <span>
                      1.19
                    </span>
                  </label>
                </td>
                <td>
                  <span>
                    6.46
                  </span>
                </td>
                <td>
                  <span>
                    4,115.76
                  </span>
                </td>
                <td>
                  <span>
                    758.03
                  </span>
                </td>
                <td>
                  <span>
                    4,158.17
                  </span>
                </td>
                <td>
                  <span>
                    0.00
                  </span>
                </td>
                <td>
                  <span>
                    -3,357.73
                  </span>
                </td>
                <td>
                  <span>
                    800.44
                  </span>
                </td>
              </tr>
            </tbody>
            <tbody>
              <tr
                class="holding-footer"
              >
                <td
                  align="right"
                  colspan="4"
                >
                  Sub-Total - 
                  USD
                </td>
                <td
                  align="right"
                >
                  <span>
                    4,115.76
                  </span>
                </td>
                <td
                  align="right"
                >
                  <span>
                    758.03
                  </span>
                </td>
                <td
                  align="right"
                >
                  <span>
                    4,158.17
                  </span>
                </td>
                <td
                  align="right"
                >
                  <span>
                    0.00
                  </span>
                </td>
                <td
                  align="right"
                >
                  <span>
                    -3,357.73
                  </span>
                </td>
                <td
                  align="right"
                >
                  <span>
                    800.44
                  </span>
                </td>
              </tr>
            </tbody>
            <tbody
              class="table-header"
            >
              <tr>
                <th>
                  NZD
                </th>
                <th
                  align="right"
                >
                  quantity
                </th>
                <th
                  align="right"
                >
                  price
                </th>
                <th
                  align="right"
                >
                  cost.avg
                </th>
                <th
                  align="right"
                >
                  cost
                </th>
                <th
                  align="right"
                >
                  value
                </th>
                <th
                  align="right"
                >
                  dividends
                </th>
                <th
                  align="right"
                >
                  gain.realised
                </th>
                <th
                  align="right"
                >
                  gain.unrealised
                </th>
                <th
                  align="right"
                >
                  gain
                </th>
              </tr>
            </tbody>
            <tbody>
              <tr
                class="holding-row"
              >
                <td
                  class="asset"
                >
                  GNE: Genesis Energy Limited (NS)
                </td>
                <td>
                  <span>
                    2,574
                  </span>
                </td>
                <td>
                  <label>
                    USD
                     
                    <span>
                      2.15
                    </span>
                  </label>
                </td>
                <td>
                  <span>
                    1.69
                  </span>
                </td>
                <td>
                  <span>
                    4,352.16
                  </span>
                </td>
                <td>
                  <span>
                    5,534.10
                  </span>
                </td>
                <td>
                  <span>
                    3,013.74
                  </span>
                </td>
                <td>
                  <span>
                    0.00
                  </span>
                </td>
                <td>
                  <span>
                    1,181.94
                  </span>
                </td>
                <td>
                  <span>
                    4,195.68
                  </span>
                </td>
              </tr>
            </tbody>
            <tbody>
              <tr
                class="holding-footer"
              >
                <td
                  align="right"
                  colspan="4"
                >
                  Sub-Total - 
                  USD
                </td>
                <td
                  align="right"
                >
                  <span>
                    4,352.16
                  </span>
                </td>
                <td
                  align="right"
                >
                  <span>
                    5,534.10
                  </span>
                </td>
                <td
                  align="right"
                >
                  <span>
                    3,013.74
                  </span>
                </td>
                <td
                  align="right"
                >
                  <span>
                    0.00
                  </span>
                </td>
                <td
                  align="right"
                >
                  <span>
                    1,181.94
                  </span>
                </td>
                <td
                  align="right"
                >
                  <span>
                    4,195.68
                  </span>
                </td>
              </tr>
            </tbody>
            <tbody
              class="totals-row"
            >
              <tr>
                <td
                  align="right"
                  colspan="4"
                >
                  Totals
                </td>
                <td
                  align="right"
                >
                  <span>
                    18,731.22
                  </span>
                </td>
                <td
                  align="right"
                >
                  <span>
                    19,424.85
                  </span>
                </td>
                <td
                  align="right"
                >
                  <span>
                    8,030.77
                  </span>
                </td>
                <td
                  align="right"
                >
                  <span>
                    1,984.58
                  </span>
                </td>
                <td
                  align="right"
                >
                  <span>
                    693.63
                  </span>
                </td>
                <td
                  align="right"
                >
                  <span>
                    10,708.98
                  </span>
                </td>
              </tr>
            </tbody>
          </table>
        </div>
      </div>
    </div>
  </body>,
  "container": <div>
    <div>
      <div>
        ToDo: Add Filters
      </div>
      <div
        class="stats-container"
      >
        <table>
          <tbody
            class="table-container is-large"
          >
            <tr>
              <th>
                SUMMARY
              </th>
              <th
                align="right"
              >
                dividends
              </th>
              <th
                align="right"
              >
                gain.realised
              </th>
              <th
                align="right"
              >
                gain.unrealised
              </th>
              <th
                align="right"
              >
                gain
              </th>
            </tr>
          </tbody>
        </table>
      </div>
      <div
        class="holdings-container"
      >
        <table
          class="table holding-table is-striped is-hoverable"
        >
          <tbody
            class="table-header"
          >
            <tr>
              <th>
                USD
              </th>
              <th
                align="right"
              >
                quantity
              </th>
              <th
                align="right"
              >
                price
              </th>
              <th
                align="right"
              >
                cost.avg
              </th>
              <th
                align="right"
              >
                cost
              </th>
              <th
                align="right"
              >
                value
              </th>
              <th
                align="right"
              >
                dividends
              </th>
              <th
                align="right"
              >
                gain.realised
              </th>
              <th
                align="right"
              >
                gain.unrealised
              </th>
              <th
                align="right"
              >
                gain
              </th>
            </tr>
          </tbody>
          <tbody>
            <tr
              class="holding-row"
            >
              <td
                class="asset"
              >
                AYX: Alteryx Inc - Ordinary Shares - Class A
              </td>
              <td>
                <span>
                  19
                </span>
              </td>
              <td>
                <label>
                  USD
                   
                  <span>
                    95.40
                  </span>
                </label>
              </td>
              <td>
                <span>
                  125.40
                </span>
              </td>
              <td>
                <span>
                  2,382.54
                </span>
              </td>
              <td>
                <span>
                  1,812.60
                </span>
              </td>
              <td>
                <span>
                  0.00
                </span>
              </td>
              <td>
                <span>
                  0.00
                </span>
              </td>
              <td>
                <span>
                  -569.94
                </span>
              </td>
              <td>
                <span>
                  -569.94
                </span>
              </td>
            </tr>
            <tr
              class="holding-row"
            >
              <td
                class="asset"
              >
                NDAQ: Nasdaq Inc - Ordinary Shares - 144A
              </td>
              <td>
                <span>
                  25
                </span>
              </td>
              <td>
                <label>
                  USD
                   
                  <span>
                    98.62
                  </span>
                </label>
              </td>
              <td>
                <span>
                  33.54
                </span>
              </td>
              <td>
                <span>
                  838.48
                </span>
              </td>
              <td>
                <span>
                  2,465.50
                </span>
              </td>
              <td>
                <span>
                  270.75
                </span>
              </td>
              <td>
                <span>
                  1,141.03
                </span>
              </td>
              <td>
                <span>
                  1,627.02
                </span>
              </td>
              <td>
                <span>
                  3,038.80
                </span>
              </td>
            </tr>
            <tr
              class="holding-row"
            >
              <td
                class="asset"
              >
                CSCO: Cisco Systems, Inc.
              </td>
              <td>
                <span>
                  55
                </span>
              </td>
              <td>
                <label>
                  USD
                   
                  <span>
                    46.71
                  </span>
                </label>
              </td>
              <td>
                <span>
                  27.18
                </span>
              </td>
              <td>
                <span>
                  1,494.65
                </span>
              </td>
              <td>
                <span>
                  2,569.05
                </span>
              </td>
              <td>
                <span>
                  302.90
                </span>
              </td>
              <td>
                <span>
                  236.37
                </span>
              </td>
              <td>
                <span>
                  1,074.40
                </span>
              </td>
              <td>
                <span>
                  1,613.67
                </span>
              </td>
            </tr>
            <tr
              class="holding-row"
            >
              <td
                class="asset"
              >
                DLR: Digital Realty Trust Inc
              </td>
              <td>
                <span>
                  15
                </span>
              </td>
              <td>
                <label>
                  USD
                   
                  <span>
                    132.98
                  </span>
                </label>
              </td>
              <td>
                <span>
                  104.50
                </span>
              </td>
              <td>
                <span>
                  1,567.43
                </span>
              </td>
              <td>
                <span>
                  1,994.70
                </span>
              </td>
              <td>
                <span>
                  77.85
                </span>
              </td>
              <td>
                <span>
                  0.00
                </span>
              </td>
              <td>
                <span>
                  427.27
                </span>
              </td>
              <td>
                <span>
                  505.12
                </span>
              </td>
            </tr>
            <tr
              class="holding-row"
            >
              <td
                class="asset"
              >
                AAPL: Apple Inc
              </td>
              <td>
                <span>
                  12
                </span>
              </td>
              <td>
                <label>
                  USD
                   
                  <span>
                    236.41
                  </span>
                </label>
              </td>
              <td>
                <span>
                  166.26
                </span>
              </td>
              <td>
                <span>
                  1,995.06
                </span>
              </td>
              <td>
                <span>
                  2,836.92
                </span>
              </td>
              <td>
                <span>
                  162.36
                </span>
              </td>
              <td>
                <span>
                  607.18
                </span>
              </td>
              <td>
                <span>
                  841.86
                </span>
              </td>
              <td>
                <span>
                  1,611.40
                </span>
              </td>
            </tr>
            <tr
              class="holding-row"
            >
              <td
                class="asset"
              >
                SLB: Schlumberger NV
              </td>
              <td>
                <span>
                  45
                </span>
              </td>
              <td>
                <label>
                  USD
                   
                  <span>
                    32.31
                  </span>
                </label>
              </td>
              <td>
                <span>
                  44.11
                </span>
              </td>
              <td>
                <span>
                  1,985.14
                </span>
              </td>
              <td>
                <span>
                  1,453.95
                </span>
              </td>
              <td>
                <span>
                  45.00
                </span>
              </td>
              <td>
                <span>
                  0.00
                </span>
              </td>
              <td>
                <span>
                  -531.19
                </span>
              </td>
              <td>
                <span>
                  -486.19
                </span>
              </td>
            </tr>
          </tbody>
          <tbody>
            <tr
              class="holding-footer"
            >
              <td
                align="right"
                colspan="4"
              >
                Sub-Total - 
                USD
              </td>
              <td
                align="right"
              >
                <span>
                  10,263.30
                </span>
              </td>
              <td
                align="right"
              >
                <span>
                  13,132.72
                </span>
              </td>
              <td
                align="right"
              >
                <span>
                  858.86
                </span>
              </td>
              <td
                align="right"
              >
                <span>
                  1,984.58
                </span>
              </td>
              <td
                align="right"
              >
                <span>
                  2,869.42
                </span>
              </td>
              <td
                align="right"
              >
                <span>
                  5,712.86
                </span>
              </td>
            </tr>
          </tbody>
          <tbody
            class="table-header"
          >
            <tr>
              <th>
                AUD
              </th>
              <th
                align="right"
              >
                quantity
              </th>
              <th
                align="right"
              >
                price
              </th>
              <th
                align="right"
              >
                cost.avg
              </th>
              <th
                align="right"
              >
                cost
              </th>
              <th
                align="right"
              >
                value
              </th>
              <th
                align="right"
              >
                dividends
              </th>
              <th
                align="right"
              >
                gain.realised
              </th>
              <th
                align="right"
              >
                gain.unrealised
              </th>
              <th
                align="right"
              >
                gain
              </th>
            </tr>
          </tbody>
          <tbody>
            <tr
              class="holding-row"
            >
              <td
                class="asset"
              >
                AMP: Amp Limited
              </td>
              <td>
                <span>
                  637
                </span>
              </td>
              <td>
                <label>
                  USD
                   
                  <span>
                    1.19
                  </span>
                </label>
              </td>
              <td>
                <span>
                  6.46
                </span>
              </td>
              <td>
                <span>
                  4,115.76
                </span>
              </td>
              <td>
                <span>
                  758.03
                </span>
              </td>
              <td>
                <span>
                  4,158.17
                </span>
              </td>
              <td>
                <span>
                  0.00
                </span>
              </td>
              <td>
                <span>
                  -3,357.73
                </span>
              </td>
              <td>
                <span>
                  800.44
                </span>
              </td>
            </tr>
          </tbody>
          <tbody>
            <tr
              class="holding-footer"
            >
              <td
                align="right"
                colspan="4"
              >
                Sub-Total - 
                USD
              </td>
              <td
                align="right"
              >
                <span>
                  4,115.76
                </span>
              </td>
              <td
                align="right"
              >
                <span>
                  758.03
                </span>
              </td>
              <td
                align="right"
              >
                <span>
                  4,158.17
                </span>
              </td>
              <td
                align="right"
              >
                <span>
                  0.00
                </span>
              </td>
              <td
                align="right"
              >
                <span>
                  -3,357.73
                </span>
              </td>
              <td
                align="right"
              >
                <span>
                  800.44
                </span>
              </td>
            </tr>
          </tbody>
          <tbody
            class="table-header"
          >
            <tr>
              <th>
                NZD
              </th>
              <th
                align="right"
              >
                quantity
              </th>
              <th
                align="right"
              >
                price
              </th>
              <th
                align="right"
              >
                cost.avg
              </th>
              <th
                align="right"
              >
                cost
              </th>
              <th
                align="right"
              >
                value
              </th>
              <th
                align="right"
              >
                dividends
              </th>
              <th
                align="right"
              >
                gain.realised
              </th>
              <th
                align="right"
              >
                gain.unrealised
              </th>
              <th
                align="right"
              >
                gain
              </th>
            </tr>
          </tbody>
          <tbody>
            <tr
              class="holding-row"
            >
              <td
                class="asset"
              >
                GNE: Genesis Energy Limited (NS)
              </td>
              <td>
                <span>
                  2,574
                </span>
              </td>
              <td>
                <label>
                  USD
                   
                  <span>
                    2.15
                  </span>
                </label>
              </td>
              <td>
                <span>
                  1.69
                </span>
              </td>
              <td>
                <span>
                  4,352.16
                </span>
              </td>
              <td>
                <span>
                  5,534.10
                </span>
              </td>
              <td>
                <span>
                  3,013.74
                </span>
              </td>
              <td>
                <span>
                  0.00
                </span>
              </td>
              <td>
                <span>
                  1,181.94
                </span>
              </td>
              <td>
                <span>
                  4,195.68
                </span>
              </td>
            </tr>
          </tbody>
          <tbody>
            <tr
              class="holding-footer"
            >
              <td
                align="right"
                colspan="4"
              >
                Sub-Total - 
                USD
              </td>
              <td
                align="right"
              >
                <span>
                  4,352.16
                </span>
              </td>
              <td
                align="right"
              >
                <span>
                  5,534.10
                </span>
              </td>
              <td
                align="right"
              >
                <span>
                  3,013.74
                </span>
              </td>
              <td
                align="right"
              >
                <span>
                  0.00
                </span>
              </td>
              <td
                align="right"
              >
                <span>
                  1,181.94
                </span>
              </td>
              <td
                align="right"
              >
                <span>
                  4,195.68
                </span>
              </td>
            </tr>
          </tbody>
          <tbody
            class="totals-row"
          >
            <tr>
              <td
                align="right"
                colspan="4"
              >
                Totals
              </td>
              <td
                align="right"
              >
                <span>
                  18,731.22
                </span>
              </td>
              <td
                align="right"
              >
                <span>
                  19,424.85
                </span>
              </td>
              <td
                align="right"
              >
                <span>
                  8,030.77
                </span>
              </td>
              <td
                align="right"
              >
                <span>
                  1,984.58
                </span>
              </td>
              <td
                align="right"
              >
                <span>
                  693.63
                </span>
              </td>
              <td
                align="right"
              >
                <span>
                  10,708.98
                </span>
              </td>
            </tr>
          </tbody>
        </table>
      </div>
    </div>
  </div>,
  "debug": [Function],
  "findAllByAltText": [Function],
  "findAllByDisplayValue": [Function],
  "findAllByLabelText": [Function],
  "findAllByPlaceholderText": [Function],
  "findAllByRole": [Function],
  "findAllByTestId": [Function],
  "findAllByText": [Function],
  "findAllByTitle": [Function],
  "findByAltText": [Function],
  "findByDisplayValue": [Function],
  "findByLabelText": [Function],
  "findByPlaceholderText": [Function],
  "findByRole": [Function],
  "findByTestId": [Function],
  "findByText": [Function],
  "findByTitle": [Function],
  "getAllByAltText": [Function],
  "getAllByDisplayValue": [Function],
  "getAllByLabelText": [Function],
  "getAllByPlaceholderText": [Function],
  "getAllByRole": [Function],
  "getAllByTestId": [Function],
  "getAllByText": [Function],
  "getAllByTitle": [Function],
  "getByAltText": [Function],
  "getByDisplayValue": [Function],
  "getByLabelText": [Function],
  "getByPlaceholderText": [Function],
  "getByRole": [Function],
  "getByTestId": [Function],
  "getByText": [Function],
  "getByTitle": [Function],
  "queryAllByAltText": [Function],
  "queryAllByDisplayValue": [Function],
  "queryAllByLabelText": [Function],
  "queryAllByPlaceholderText": [Function],
  "queryAllByRole": [Function],
  "queryAllByTestId": [Function],
  "queryAllByText": [Function],
  "queryAllByTitle": [Function],
  "queryByAltText": [Function],
  "queryByDisplayValue": [Function],
  "queryByLabelText": [Function],
  "queryByPlaceholderText": [Function],
  "queryByRole": [Function],
  "queryByTestId": [Function],
  "queryByText": [Function],
  "queryByTitle": [Function],
  "rerender": [Function],
  "unmount": [Function],
}
`;
